
> sr-management@0.1.0 build D:\project\sr
> next build

   ▲ Next.js 16.0.7 (Turbopack)
   - Environments: .env
   - Experiments (use with caution):
     · serverActions

   Creating an optimized production build ...
node.exe : 
위치 C:\Users\sanle\AppData\Roaming\npm\pnpm.ps1:24 문자:5
+     & "node$exe"  "$basedir/node_modules/pnpm/bin/pnpm.cjs" $args
+     ~~~~~~~~~~~~~~~~~~~~~~~~~~~~~~~~~~~~~~~~~~~~~~~~~~~~~~~~~~~~~
    + CategoryInfo          : NotSpecified: (:String) [], RemoteExc 
   eption
    + FullyQualifiedErrorId : NativeCommandError
 
> Build error occurred
Error: Turbopack build failed with 1 errors:
./src/services/push.service.ts:1:1
Module not found: Can't resolve 'web-push'
[0m[31m[1m>[22m[39m[90m 1 |[39m [36mimport[39m webPush [36
mfrom[39m [32m'web-push'[39m[33m;[39m
 [90m   |[39m [31m[1m^[22m[39m[31m[1m^[22m[39m[31m[1m^[
22m[39m[31m[1m^[22m[39m[31m[1m^[22m[39m[31m[1m^[22m[39m
[31m[1m^[22m[39m[31m[1m^[22m[39m[31m[1m^[22m[39m[31m[1
m^[22m[39m[31m[1m^[22m[39m[31m[1m^[22m[39m[31m[1m^[22m
[39m[31m[1m^[22m[39m[31m[1m^[22m[39m[31m[1m^[22m[39m[31
m[1m^[22m[39m[31m[1m^[22m[39m[31m[1m^[22m[39m[31m[1m^[
22m[39m[31m[1m^[22m[39m[31m[1m^[22m[39m[31m[1m^[22m[39m
[31m[1m^[22m[39m[31m[1m^[22m[39m[31m[1m^[22m[39m[31m[1
m^[22m[39m[31m[1m^[22m[39m[31m[1m^[22m[39m[31m[1m^[22m
[39m[31m[1m^[22m[39m
 [90m 2 |[39m [36mimport[39m prisma [36mfrom[39m [32m'@/lib/p
risma'[39m[33m;[39m
 [90m 3 |[39m
 [90m 4 |[39m [90m// Define types inline to avoid import conflict
s with browser PushSubscription[39m[0m



Import trace:
  App Route:
    ./src/services/push.service.ts
    ./src/app/api/push/subscribe/route.ts

https://nextjs.org/docs/messages/module-not-found


    at <unknown> (./src/services/push.service.ts:1:1)
    at <unknown> (https://nextjs.org/docs/messages/module-not-found)
 ELIFECYCLE  Command failed with exit code 1.
