node.exe : npm warn Unknown project config "shamefully-hoist". This will stop workin
g in the next major version of npm.
위치 줄:1 문자:1
+ & "C:\Program Files\nodejs/node.exe" "C:\Users\sanle\AppData\Roaming\ ...
+ ~~~~~~~~~~~~~~~~~~~~~~~~~~~~~~~~~~~~~~~~~~~~~~~~~~~~~~~~~~~~~~~~~~~~~
    + CategoryInfo          : NotSpecified: (npm warn Unknow...version of npm.:Stri 
   ng) [], RemoteException
    + FullyQualifiedErrorId : NativeCommandError
 
npm warn Unknown project config "store-dir". This will stop working in the next majo
r version of npm.

> sr-management@0.1.0 test
> vitest src/services/__tests__/sr.service.test.ts


[1m[44m DEV [49m[22m [34mv4.0.8 [39m[90mD:/project/sr[39m

[90mstderr[2m | src/services/__tests__/sr.service.test.ts[2m > [22m[2mSRService
[2m > [22m[2mupdateSR[2m > [22m[2m?좏슚?섏? ?딆? ?곹깭 蹂寃????먮윭瑜??섏졇????(REQUESTED 
-> COMPLETED)
[22m[39m[ERROR] [?ㅽ썑 1:30:47] SR ?낅뜲?댄듃 ?쒕퉬???ㅻ쪟 {
  name: [32m'Error'[39m,
  message: [32m'?좏슚?섏? ?딆? ?곹깭 蹂寃쎌엯?덈떎: REQUESTED -> COMPLETED'[39m,
  stack: [32m'Error: ?좏슚?섏? ?딆? ?곹깭 蹂寃쎌엯?덈떎: REQUESTED -> COMPLETED\n'[39m +
    [32m'    at SRService.validateTransition (D:/project/sr/src/services/sr.service
.ts:324:13)\n'[39m +
    [32m'    at SRService.updateSR (D:/project/sr/src/services/sr.service.ts:150:14
)\n'[39m +
    [32m'    at processTicksAndRejections (node:internal/process/task_queues:105:5)
'[39m
} { srId: [32m'sr1'[39m }

[90mstderr[2m | src/services/__tests__/sr.service.test.ts[2m > [22m[2mSRService
[2m > [22m[2mupdateSR[2m > [22m[2mINTAKE ?곹깭濡?蹂寃????묒닔?먭? ?놁쑝硫??꾩옱 ?ъ슜?먮줈 吏?
뺥빐????[22m[39m[ERROR] [?ㅽ썑 1:30:47] SR ?낅뜲?댄듃 ?쒕퉬???ㅻ쪟 {
  name: [32m'TypeError'[39m,
  message: [32m"Cannot read properties of undefined (reading 'data')"[39m,
  stack: [32m"TypeError: Cannot read properties of undefined (reading 'data')\n"[3
9m +
    [32m'    at Object.<anonymous> (D:/project/sr/src/services/__tests__/sr.service
.test.ts:440:97)\n'[39m +
    [32m'    at Object.Mock [as update] (file:///D:/project/sr/node_modules/.pnpm/@
vitest+spy@4.0.8/node_modules/@vitest/spy/dist/index.js:280:34)\n'[39m +
    [32m'    at D:/project/sr/src/services/sr.service.ts:261:35\n'[39m +
    [32m'    at Object.<anonymous> (D:/project/sr/src/services/__tests__/sr.service
.test.ts:444:16)\n'[39m +
    [32m'    at Object.Mock [as $transaction] (file:///D:/project/sr/node_modules/.
pnpm/@vitest+spy@4.0.8/node_modules/@vitest/spy/dist/index.js:280:34)\n'[39m +
    [32m'    at SRService.updateSR (D:/project/sr/src/services/sr.service.ts:257:27
)\n'[39m +
    [32m'    at processTicksAndRejections (node:internal/process/task_queues:105:5)
\n'[39m +
    [32m'    at D:/project/sr/src/services/__tests__/sr.service.test.ts:450:7\n'[3
9m +
    [32m'    at file:///D:/project/sr/node_modules/.pnpm/@vitest+runner@4.0.8/node_
modules/@vitest/runner/dist/index.js:753:20'[39m
} { srId: [32m'sr1'[39m }

[90mstderr[2m | src/services/__tests__/sr.service.test.ts[2m > [22m[2mSRService
[2m > [22m[2mupdateSR[2m > [22m[2mIN_PROGRESS ?곹깭濡?蹂寃????대떦?먭? ?놁쑝硫??먮윭瑜??섏졇?
???[22m[39m[ERROR] [?ㅽ썑 1:30:47] SR ?낅뜲?댄듃 ?쒕퉬???ㅻ쪟 {
  name: [32m'Error'[39m,
  message: [32m'吏꾪뻾 ?곹깭濡?蹂寃쏀븯?ㅻ㈃ ?대떦?먭? 吏?뺣릺?댁빞 ?⑸땲??'[39m,
  stack: [32m'Error: 吏꾪뻾 ?곹깭濡?蹂寃쏀븯?ㅻ㈃ ?대떦?먭? 吏?뺣릺?댁빞 ?⑸땲??\n'[39m +
    [32m'    at SRService.updateSR (D:/project/sr/src/services/sr.service.ts:169:21
)\n'[39m +
    [32m'    at processTicksAndRejections (node:internal/process/task_queues:105:5)
'[39m
} { srId: [32m'sr1'[39m }

[90mstderr[2m | src/services/__tests__/sr.service.test.ts[2m > [22m[2mSRService
[2m > [22m[2mupdateSR[2m > [22m[2mCOMPLETED ?곹깭濡?蹂寃???泥섎━ ?댁슜???놁쑝硫??먮윭瑜??섏졇?
???[22m[39m[ERROR] [?ㅽ썑 1:30:47] SR ?낅뜲?댄듃 ?쒕퉬???ㅻ쪟 {
  name: [32m'Error'[39m,
  message: [32m'?꾨즺 ?곹깭濡?蹂寃쏀븯?ㅻ㈃ 泥섎━ ?댁슜???낅젰?댁빞 ?⑸땲??'[39m,
  stack: [32m'Error: ?꾨즺 ?곹깭濡?蹂寃쏀븯?ㅻ㈃ 泥섎━ ?댁슜???낅젰?댁빞 ?⑸땲??\n'[39m +
    [32m'    at SRService.updateSR (D:/project/sr/src/services/sr.service.ts:177:21
)\n'[39m +
    [32m'    at processTicksAndRejections (node:internal/process/task_queues:105:5)
'[39m
} { srId: [32m'sr1'[39m }

[90mstderr[2m | src/services/__tests__/sr.service.test.ts[2m > [22m[2mSRService
[2m > [22m[2mupdateSR[2m > [22m[2mREJECTED ?곹깭濡?蹂寃???諛섎젮 ?ъ쑀媛 ?놁쑝硫??먮윭瑜??섏졇?
???[22m[39m[ERROR] [?ㅽ썑 1:30:47] SR ?낅뜲?댄듃 ?쒕퉬???ㅻ쪟 {
  name: [32m'Error'[39m,
  message: [32m'諛섎젮 ?곹깭濡?蹂寃쏀븯?ㅻ㈃ 諛섎젮 ?ъ쑀瑜??낅젰?댁빞 ?⑸땲??'[39m,
  stack: [32m'Error: 諛섎젮 ?곹깭濡?蹂寃쏀븯?ㅻ㈃ 諛섎젮 ?ъ쑀瑜??낅젰?댁빞 ?⑸땲??\n'[39m +
    [32m'    at SRService.updateSR (D:/project/sr/src/services/sr.service.ts:189:21
)\n'[39m +
    [32m'    at processTicksAndRejections (node:internal/process/task_queues:105:5)
'[39m
} { srId: [32m'sr1'[39m }

 [31m??[39m src/services/__tests__/sr.service.test.ts [2m([22m[2m19 tests[22m[2m | [22m[31m1 failed[39m[2m)[22m[32m 74[2mms[22m[39m
       [32m??[39m ?깃났?곸쑝濡?SR???앹꽦?댁빞 ??[32m 6[2mms[22m[39m
       [32m??[39m SR 踰덊샇瑜??ㅻ뒛 ?좎쭨? ?쒕쾲?쇰줈 ?앹꽦?댁빞 ??[32m 1[2mms[22m[39m
       [32m??[39m ?좏깮???꾨뱶媛 ?놁뼱??SR???앹꽦?????덉뼱????[32m 1[2mms[22m[39m
       [32m??[39m ?깃났?곸쑝濡?SR??議고쉶?댁빞 ??[32m 0[2mms[22m[39m
       [32m??[39m 議댁옱?섏? ?딅뒗 SR ID硫?null??諛섑솚?댁빞 ??[32m 0[2mms[22m[39m
       [32m??[39m 紐⑤뱺 SR 紐⑸줉??議고쉶?댁빞 ??[32m 1[2mms[22m[39m
       [32m??[39m ?꾪꽣媛 ?덉쑝硫??꾪꽣留곷맂 寃곌낵瑜?諛섑솚?댁빞 ??[32m 1[2mms[22m[39m
       [32m??[39m 鍮?諛곗뿴??諛섑솚?????덉뼱????[32m 0[2mms[22m[39m
       [32m??[39m ?곸꽭 ?뺣낫瑜??ы븿?섏뿬 SR??議고쉶?댁빞 ??[32m 0[2mms[22m[39m
       [32m??[39m 議댁옱?섏? ?딅뒗 SR???곸꽭 ?뺣낫??null??諛섑솚?댁빞 ??[32m 0[2mms[22m[39m
       [32m??[39m SR 媛쒖닔瑜?諛섑솚?댁빞 ??[32m 0[2mms[22m[39m
       [32m??[39m ?꾪꽣媛 ?덉쑝硫??꾪꽣留곷맂 媛쒖닔瑜?諛섑솚?댁빞 ??[32m 0[2mms[22m[39m
       [32m??[39m SR???놁쑝硫?0??諛섑솚?댁빞 ??[32m 0[2mms[22m[39m
       [32m??[39m ?좏슚?섏? ?딆? ?곹깭 蹂寃????먮윭瑜??섏졇????(REQUESTED -> COMPLETED)[32m 50[2mms[22m[39m
[31m       [31m횞[31m INTAKE ?곹깭濡?蹂寃????묒닔?먭? ?놁쑝硫??꾩옱 ?ъ슜?먮줈 吏?뺥빐????[39m[32m 4[2mms[22m[39m
       [32m??[39m IN_PROGRESS ?곹깭濡?蹂寃????대떦?먭? ?놁쑝硫??먮윭瑜??섏졇????[32m 2[2mms[22m[39m
       [32m??[39m COMPLETED ?곹깭濡?蹂寃???泥섎━ ?댁슜???놁쑝硫??먮윭瑜??섏졇????[32m 2[2mms[22m[39m
       [32m??[39m REJECTED ?곹깭濡?蹂寃???諛섎젮 ?ъ쑀媛 ?놁쑝硫??먮윭瑜??섏졇????[32m 2[2mms[22m[39m
       [32m??[39m SR ??젣 ???쒕룞 湲곕줉???앹꽦?댁빞 ??[32m 1[2mms[22m[39m

[31m??렞??렞??렞??[39m[1m[41m Failed Tests 1 [49m[22m[31m??렞??렞??렞??[39m

[41m[1m FAIL [22m[49m src/services/__tests__/sr.service.test.ts[2m > [22mSRSer
vice[2m > [22mupdateSR[2m > [22mINTAKE ?곹깭濡?蹂寃????묒닔?먭? ?놁쑝硫??꾩옱 ?ъ슜?먮줈 吏?뺥빐??
??[31m[1mTypeError[22m: Cannot read properties of undefined (reading 'data')[39m
[36m [2m??[22m Object.<anonymous> src/services/__tests__/sr.service.test.ts:[2m44
0:97[22m[39m
    [90m438| [39m    [34mit[39m([32m'INTAKE ?곹깭濡?蹂寃????묒닔?먭? ?놁쑝硫??꾩옱 ?ъ슜?먮줈 吏
?뺥빐????[39m[33m,[39m [35masync[39m () [33m=>[39m {
    [90m439| [39m      mockSRRepo[33m.[39mfindById[33m.[39m[34mmockResolvedVa
lue[39m(existingSR)[33m;[39m
    [90m440| [39m      mockSRRepo.update.mockImplementation((id: string, data: any
) => ??    [90m   | [39m                                                          
                                      [31m^[39m
    [90m441| [39m      mockActivityRepo[33m.[39mcreate[33m.[39m[34mmockResolv
edValue[39m({})[33m;[39m
    [90m442| [39m
[90m [2m??[22m src/services/sr.service.ts:[2m261:35[22m[39m
[90m [2m??[22m Object.<anonymous> src/services/__tests__/sr.service.test.ts:[2m44
4:16[22m[39m
[90m [2m??[22m SRService.updateSR src/services/sr.service.ts:[2m257:27[22m[39m
[90m [2m??[22m src/services/__tests__/sr.service.test.ts:[2m450:7[22m[39m

[31m[2m??렞??렞??렞??렞??렞??렞??렞??렞??렞??렞??렞??렞[1/1]??[22m[39m


[2m Test Files [22m [1m[31m1 failed[39m[22m[90m (1)[39m
[2m      Tests [22m [1m[31m1 failed[39m[22m[2m | [22m[1m[32m18 passed[39m[22m[90m (19)[39m
[2m   Start at [22m 13:30:43
[2m   Duration [22m 3.74s[2m (transform 488ms, setup 999ms, collect 302ms, tests 74ms, environment 1.51s, prepare 56ms)[22m

[1m[41m FAIL [49m[22m [31mTests failed. Watching for file changes...[39m
       [2mpress [22m[1mh[22m[2m to show help[22m[2m, [22m[2mpress [22m[1mq[22m[2m to quit[22m
c[3J[1m[44m RERUN [49m[22m [34m[2msrc/services/__tests__/sr.service.test.ts [22m[34mx1 [34m[39m
       [2m Filename pattern: [22m[34msrc/services/__tests__/sr.service.test.ts[39m


[31m??렞??렞??렞??[39m[1m[41m Failed Tests 1 [49m[22m[31m??렞??렞??렞??[39m

[41m[1m FAIL [22m[49m src/services/__tests__/sr.service.test.ts[2m > [22mSRSer
vice[2m > [22mupdateSR[2m > [22mINTAKE ?곹깭濡?蹂寃????묒닔?먭? ?놁쑝硫??꾩옱 ?ъ슜?먮줈 吏?뺥빐??
??[31m[1mTypeError[22m: Cannot read properties of undefined (reading 'data')[39m
[90m [2m??[22m Object.<anonymous> src/services/__tests__/sr.service.test.ts:[2m44
0:97[22m[39m
[36m [2m??[22m src/services/sr.service.ts:[2m261:35[22m[39m
    [90m259| [39m        [35mlet[39m updatedSR [33m=[39m existingSR[33m;[39m
    [90m260| [39m        [35mif[39m ([33mObject[39m[33m.[39m[34mkeys[39m(u
pdateData)[33m.[39mlength [33m>[39m [34m0[39m) {
    [90m261| [39m          updatedSR [33m=[39m [35mawait[39m tx[33m.[39msR[
33m.[39m[34mupdate[39m({
    [90m   | [39m                                  [31m^[39m
    [90m262| [39m            where[33m:[39m { id }[33m,[39m
    [90m263| [39m            data[33m:[39m updateData[33m,[39m
[90m [2m??[22m Object.<anonymous> src/services/__tests__/sr.service.test.ts:[2m44
4:16[22m[39m
[90m [2m??[22m SRService.updateSR src/services/sr.service.ts:[2m257:27[22m[39m
[90m [2m??[22m src/services/__tests__/sr.service.test.ts:[2m450:7[22m[39m

[31m[2m??렞??렞??렞??렞??렞??렞??렞??렞??렞??렞??렞??렞[1/1]??[22m[39m

[31m??렞??렞??렞[39m[1m[41m Unhandled Errors [49m[22m[31m??렞??렞??렞[39m
[31m[1m
Vitest caught 1 unhandled error during the test run.
This might cause false positive tests. Resolve unhandled errors to make sure your te
sts are not affected.[22m[39m

[31m??렞??렞??렞[39m[1m[41m Unhandled Error [49m[22m[31m??렞??렞??렞??[39m
[31m[1mError[22m: [vitest-pool]: Timeout starting forks runner.[39m
[90m [2m??[22m Timeout._onTimeout node_modules/.pnpm/vitest@4.0.8_@types+node@20_3
403ea45ded9aa77b5fce793f672c3d6/node_modules/vitest/dist/chunks/cli-api.BQ-bjcRi.js:
[2m7235:65[22m[39m
[90m [2m??[22m listOnTimeout node:internal/timers:[2m588:17[22m[39m
[90m [2m??[22m processTimers node:internal/timers:[2m523:7[22m[39m

[31m??렞??렞??렞??렞??렞??렞??렞??렞??렞??렞??렞??렞??렞??렞??렞[39m


[2m Test Files [22m [1m[31m1 failed[39m[22m[90m (1)[39m
[2m      Tests [22m [1m[31m1 failed[39m[22m[2m | [22m[1m[32m18 passed[39m[22m[90m (19)[39m
[2m     Errors [22m [1m[31m1 error[39m[22m
[2m   Start at [22m 13:32:23
[2m   Duration [22m 1.37s

[1m[41m FAIL [49m[22m [31mTests failed. Watching for file changes...[39m
       [2mpress [22m[1mh[22m[2m to show help[22m[2m, [22m[2mpress [22m[1mq[22m[2m to quit[22m
 [31m??[39m src/services/__tests__/sr.service.test.ts [2m([22m[2m19 tests[22m[2m | [22m[31m1 failed[39m[2m)[22m[32m 65[2mms[22m[39m
       [32m??[39m ?깃났?곸쑝濡?SR???앹꽦?댁빞 ??[32m 19[2mms[22m[39m
       [32m??[39m SR 踰덊샇瑜??ㅻ뒛 ?좎쭨? ?쒕쾲?쇰줈 ?앹꽦?댁빞 ??[32m 3[2mms[22m[39m
       [32m??[39m ?좏깮???꾨뱶媛 ?놁뼱??SR???앹꽦?????덉뼱????[32m 2[2mms[22m[39m
       [32m??[39m ?깃났?곸쑝濡?SR??議고쉶?댁빞 ??[32m 2[2mms[22m[39m
       [32m??[39m 議댁옱?섏? ?딅뒗 SR ID硫?null??諛섑솚?댁빞 ??[32m 1[2mms[22m[39m
       [32m??[39m 紐⑤뱺 SR 紐⑸줉??議고쉶?댁빞 ??[32m 2[2mms[22m[39m
       [32m??[39m ?꾪꽣媛 ?덉쑝硫??꾪꽣留곷맂 寃곌낵瑜?諛섑솚?댁빞 ??[32m 2[2mms[22m[39m
       [32m??[39m 鍮?諛곗뿴??諛섑솚?????덉뼱????[32m 1[2mms[22m[39m
       [32m??[39m ?곸꽭 ?뺣낫瑜??ы븿?섏뿬 SR??議고쉶?댁빞 ??[32m 1[2mms[22m[39m
       [32m??[39m 議댁옱?섏? ?딅뒗 SR???곸꽭 ?뺣낫??null??諛섑솚?댁빞 ??[32m 1[2mms[22m[39m
       [32m??[39m SR 媛쒖닔瑜?諛섑솚?댁빞 ??[32m 1[2mms[22m[39m
       [32m??[39m ?꾪꽣媛 ?덉쑝硫??꾪꽣留곷맂 媛쒖닔瑜?諛섑솚?댁빞 ??[32m 1[2mms[22m[39m
       [32m??[39m SR???놁쑝硫?0??諛섑솚?댁빞 ??[32m 1[2mms[22m[39m
       [32m??[39m ?좏슚?섏? ?딆? ?곹깭 蹂寃????먮윭瑜??섏졇????(REQUESTED -> COMPLETED)[32m 7[2mms[22m[39m
[31m       [31m횞[31m INTAKE ?곹깭濡?蹂寃????묒닔?먭? ?놁쑝硫??꾩옱 ?ъ슜?먮줈 吏?뺥빐????[39m[32m 11[2mms[22m[39m
       [32m??[39m IN_PROGRESS ?곹깭濡?蹂寃????대떦?먭? ?놁쑝硫??먮윭瑜??섏졇????[32m 2[2mms[22m[39m
       [32m??[39m COMPLETED ?곹깭濡?蹂寃???泥섎━ ?댁슜???놁쑝硫??먮윭瑜??섏졇????[32m 2[2mms[22m[39m
       [32m??[39m REJECTED ?곹깭濡?蹂寃???諛섎젮 ?ъ쑀媛 ?놁쑝硫??먮윭瑜??섏졇????[32m 2[2mms[22m[39m
       [32m??[39m SR ??젣 ???쒕룞 湲곕줉???앹꽦?댁빞 ??[32m 2[2mms[22m[39m
c[3J[1m[44m RERUN [49m[22m [34m[2msrc/services/__tests__/sr.service.test.ts [22m[34mx2 [34m[39m
       [2m Filename pattern: [22m[34msrc/services/__tests__/sr.service.test.ts[39m


[31m??렞??렞??렞??[39m[1m[41m Failed Tests 1 [49m[22m[31m??렞??렞??렞??[39m

[41m[1m FAIL [22m[49m src/services/__tests__/sr.service.test.ts[2m > [22mSRSer
vice[2m > [22mupdateSR[2m > [22mINTAKE ?곹깭濡?蹂寃????묒닔?먭? ?놁쑝硫??꾩옱 ?ъ슜?먮줈 吏?뺥빐??
??[31m[1mTypeError[22m: Cannot read properties of undefined (reading 'data')[39m
[90m [2m??[22m Object.<anonymous> src/services/__tests__/sr.service.test.ts:[2m44
9:97[22m[39m
[36m [2m??[22m src/services/sr.service.ts:[2m261:35[22m[39m
    [90m259| [39m        [35mlet[39m updatedSR [33m=[39m existingSR[33m;[39m
    [90m260| [39m        [35mif[39m ([33mObject[39m[33m.[39m[34mkeys[39m(u
pdateData)[33m.[39mlength [33m>[39m [34m0[39m) {
    [90m261| [39m          updatedSR [33m=[39m [35mawait[39m tx[33m.[39msR[
33m.[39m[34mupdate[39m({
    [90m   | [39m                                  [31m^[39m
    [90m262| [39m            where[33m:[39m { id }[33m,[39m
    [90m263| [39m            data[33m:[39m updateData[33m,[39m
[90m [2m??[22m Object.<anonymous> src/services/__tests__/sr.service.test.ts:[2m45
3:16[22m[39m
[90m [2m??[22m SRService.updateSR src/services/sr.service.ts:[2m257:27[22m[39m
[90m [2m??[22m src/services/__tests__/sr.service.test.ts:[2m459:7[22m[39m

[31m[2m??렞??렞??렞??렞??렞??렞??렞??렞??렞??렞??렞??렞[1/1]??[22m[39m

[31m??렞??렞??렞[39m[1m[41m Unhandled Errors [49m[22m[31m??렞??렞??렞[39m
[31m[1m
Vitest caught 1 unhandled error during the test run.
This might cause false positive tests. Resolve unhandled errors to make sure your te
sts are not affected.[22m[39m

[31m??렞??렞??렞[39m[1m[41m Unhandled Error [49m[22m[31m??렞??렞??렞??[39m
[31m[1mError[22m: [vitest-pool]: Timeout starting forks runner.[39m
[90m [2m??[22m Timeout._onTimeout node_modules/.pnpm/vitest@4.0.8_@types+node@20_3
403ea45ded9aa77b5fce793f672c3d6/node_modules/vitest/dist/chunks/cli-api.BQ-bjcRi.js:
[2m7235:65[22m[39m
[90m [2m??[22m listOnTimeout node:internal/timers:[2m588:17[22m[39m
[90m [2m??[22m processTimers node:internal/timers:[2m523:7[22m[39m

[31m??렞??렞??렞??렞??렞??렞??렞??렞??렞??렞??렞??렞??렞??렞??렞[39m


[2m Test Files [22m [1m[31m1 failed[39m[22m[90m (1)[39m
[2m      Tests [22m [1m[31m1 failed[39m[22m[2m | [22m[1m[32m18 passed[39m[22m[90m (19)[39m
[2m     Errors [22m [1m[31m1 error[39m[22m
[2m   Start at [22m 13:34:04
[2m   Duration [22m 3.36s

[1m[41m FAIL [49m[22m [31mTests failed. Watching for file changes...[39m
       [2mpress [22m[1mh[22m[2m to show help[22m[2m, [22m[2mpress [22m[1mq[22m[2m to quit[22m
 [32m??[39m src/services/__tests__/sr.service.test.ts [2m([22m[2m19 tests[22m[2m)[22m[32m 61[2mms[22m[39m
c[3J[1m[44m RERUN [49m[22m [34m[2msrc/services/sr.service.ts [22m[34mx3 [34m[39m
       [2m Filename pattern: [22m[34msrc/services/__tests__/sr.service.test.ts[39m

[31m??렞??렞??렞[39m[1m[41m Unhandled Errors [49m[22m[31m??렞??렞??렞[39m
[31m[1m
Vitest caught 1 unhandled error during the test run.
This might cause false positive tests. Resolve unhandled errors to make sure your te
sts are not affected.[22m[39m

[31m??렞??렞??렞[39m[1m[41m Unhandled Error [49m[22m[31m??렞??렞??렞??[39m
[31m[1mError[22m: [vitest-pool]: Timeout starting forks runner.[39m
[90m [2m??[22m Timeout._onTimeout node_modules/.pnpm/vitest@4.0.8_@types+node@20_3
403ea45ded9aa77b5fce793f672c3d6/node_modules/vitest/dist/chunks/cli-api.BQ-bjcRi.js:
[2m7235:65[22m[39m
[90m [2m??[22m listOnTimeout node:internal/timers:[2m588:17[22m[39m
[90m [2m??[22m processTimers node:internal/timers:[2m523:7[22m[39m

[31m??렞??렞??렞??렞??렞??렞??렞??렞??렞??렞??렞??렞??렞??렞??렞[39m


[2m Test Files [22m [1m[32m1 passed[39m[22m[90m (1)[39m
[2m      Tests [22m [1m[32m19 passed[39m[22m[90m (19)[39m
[2m     Errors [22m [1m[31m1 error[39m[22m
[2m   Start at [22m 13:47:18
[2m   Duration [22m 2.65s

[1m[41m FAIL [49m[22m [31mTests failed. Watching for file changes...[39m
       [2mpress [22m[1mh[22m[2m to show help[22m[2m, [22m[2mpress [22m[1mq[22m[2m to quit[22m
c[3J[1m[44m RERUN [49m[22m [34m[2msrc/services/sr.service.ts [22m[34mx4 [34m[39m
       [2m Filename pattern: [22m[34msrc/services/__tests__/sr.service.test.ts[39m


[31m??렞??렞??렞[39m[1m[41m Failed Suites 1 [49m[22m[31m??렞??렞??렞??[39m

[41m[1m FAIL [22m[49m src/services/__tests__/sr.service.test.ts[2m [ src/servic
es/__tests__/sr.service.test.ts ][22m
[31m[1mError[22m: Transform failed with 1 error:
D:/project/sr/src/services/sr.service.ts:408:14: ERROR: Expected ")" but found "."[
39m
  Plugin: [35mvite:esbuild[39m
  File: [36mD:/project/sr/src/services/sr.service.ts[39m:408:14
[33m  
  [33mExpected ")" but found "."[33m
  406 |    }
  407 |  
  408 |    if(validated.actualPriority !== undefined) updateData.actualPriority = va
lidated.actualPriority;
      |                ^
  409 |  if (validated.estimatedHours !== undefined)
  410 |    updateData.estimatedHours = typeof validated.estimatedHours === "string"
  [39m
[90m [2m??[22m failureErrorWithLog node_modules/.pnpm/esbuild@0.25.12/node_modules
/esbuild/lib/main.js:[2m1467:15[22m[39m
[90m [2m??[22m node_modules/.pnpm/esbuild@0.25.12/node_modules/esbuild/lib/main.js
:[2m736:50[22m[39m
[90m [2m??[22m responseCallbacks.<computed> node_modules/.pnpm/esbuild@0.25.12/nod
e_modules/esbuild/lib/main.js:[2m603:9[22m[39m
[90m [2m??[22m handleIncomingPacket node_modules/.pnpm/esbuild@0.25.12/node_module
s/esbuild/lib/main.js:[2m658:12[22m[39m
[90m [2m??[22m Socket.readFromStdout node_modules/.pnpm/esbuild@0.25.12/node_modul
es/esbuild/lib/main.js:[2m581:7[22m[39m

[31m[2m??렞??렞??렞??렞??렞??렞??렞??렞??렞??렞??렞??렞[1/1]??[22m[39m

[31m??렞??렞??렞[39m[1m[41m Unhandled Errors [49m[22m[31m??렞??렞??렞[39m
[31m[1m
Vitest caught 1 unhandled error during the test run.
This might cause false positive tests. Resolve unhandled errors to make sure your te
sts are not affected.[22m[39m

[31m??렞??렞??렞[39m[1m[41m Unhandled Error [49m[22m[31m??렞??렞??렞??[39m
[31m[1mError[22m: [vitest-pool]: Timeout starting forks runner.[39m
[90m [2m??[22m Timeout._onTimeout node_modules/.pnpm/vitest@4.0.8_@types+node@20_3
403ea45ded9aa77b5fce793f672c3d6/node_modules/vitest/dist/chunks/cli-api.BQ-bjcRi.js:
[2m7235:65[22m[39m
[90m [2m??[22m listOnTimeout node:internal/timers:[2m588:17[22m[39m
[90m [2m??[22m processTimers node:internal/timers:[2m523:7[22m[39m

[31m??렞??렞??렞??렞??렞??렞??렞??렞??렞??렞??렞??렞??렞??렞??렞[39m


[2m Test Files [22m [1m[31m1 failed[39m[22m[90m (1)[39m
[2m      Tests [22m [2mno tests[22m
[2m     Errors [22m [1m[31m1 error[39m[22m
[2m   Start at [22m 13:47:35
[2m   Duration [22m 2.59s

[1m[41m FAIL [49m[22m [31mTests failed. Watching for file changes...[39m
       [2mpress [22m[1mh[22m[2m to show help[22m[2m, [22m[2mpress [22m[1mq[22m[2m to quit[22m
 [31m??[39m src/services/__tests__/sr.service.test.ts [2m([22m[2m19 tests[22m[2m | [22m[31m4 failed[39m[2m)[22m[32m 58[2mms[22m[39m
       [32m??[39m ?깃났?곸쑝濡?SR???앹꽦?댁빞 ??[32m 13[2mms[22m[39m
       [32m??[39m SR 踰덊샇瑜??ㅻ뒛 ?좎쭨? ?쒕쾲?쇰줈 ?앹꽦?댁빞 ??[32m 3[2mms[22m[39m
       [32m??[39m ?좏깮???꾨뱶媛 ?놁뼱??SR???앹꽦?????덉뼱????[32m 1[2mms[22m[39m
       [32m??[39m ?깃났?곸쑝濡?SR??議고쉶?댁빞 ??[32m 1[2mms[22m[39m
       [32m??[39m 議댁옱?섏? ?딅뒗 SR ID硫?null??諛섑솚?댁빞 ??[32m 1[2mms[22m[39m
       [32m??[39m 紐⑤뱺 SR 紐⑸줉??議고쉶?댁빞 ??[32m 2[2mms[22m[39m
       [32m??[39m ?꾪꽣媛 ?덉쑝硫??꾪꽣留곷맂 寃곌낵瑜?諛섑솚?댁빞 ??[32m 2[2mms[22m[39m
       [32m??[39m 鍮?諛곗뿴??諛섑솚?????덉뼱????[32m 1[2mms[22m[39m
       [32m??[39m ?곸꽭 ?뺣낫瑜??ы븿?섏뿬 SR??議고쉶?댁빞 ??[32m 1[2mms[22m[39m
       [32m??[39m 議댁옱?섏? ?딅뒗 SR???곸꽭 ?뺣낫??null??諛섑솚?댁빞 ??[32m 1[2mms[22m[39m
       [32m??[39m SR 媛쒖닔瑜?諛섑솚?댁빞 ??[32m 1[2mms[22m[39m
       [32m??[39m ?꾪꽣媛 ?덉쑝硫??꾪꽣留곷맂 媛쒖닔瑜?諛섑솚?댁빞 ??[32m 1[2mms[22m[39m
       [32m??[39m SR???놁쑝硫?0??諛섑솚?댁빞 ??[32m 1[2mms[22m[39m
[31m       [31m횞[31m ?좏슚?섏? ?딆? ?곹깭 蹂寃????먮윭瑜??섏졇????(REQUESTED -> COMPLETED)[39m[32m 12[2mms[22m[39m
       [32m??[39m INTAKE ?곹깭濡?蹂寃????묒닔?먭? ?놁쑝硫??꾩옱 ?ъ슜?먮줈 吏?뺥빐????[32m 1[2mms[22m[39m
[31m       [31m횞[31m IN_PROGRESS ?곹깭濡?蹂寃????대떦?먭? ?놁쑝硫??먮윭瑜??섏졇????[39m[32m 7[2mms[22m[39m
[31m       [31m횞[31m COMPLETED ?곹깭濡?蹂寃???泥섎━ ?댁슜???놁쑝硫??먮윭瑜??섏졇????[39m[32m 4[2mms[22m[39m
[31m       [31m횞[31m REJECTED ?곹깭濡?蹂寃???諛섎젮 ?ъ쑀媛 ?놁쑝硫??먮윭瑜??섏졇????[39m[32m 2[2mms[22m[39m
       [32m??[39m SR ??젣 ???쒕룞 湲곕줉???앹꽦?댁빞 ??[32m 1[2mms[22m[39m
c[3J[1m[44m RERUN [49m[22m [34m[2msrc/services/sr.service.ts [22m[34mx5 [34m[39m
       [2m Filename pattern: [22m[34msrc/services/__tests__/sr.service.test.ts[39m

