node.exe : npm warn Unknown project config "shamefully-hoist". This 
will stop working in the next major version of npm.
위치 줄:1 문자:1
+ & "C:\Program Files\nodejs/node.exe" "C:\Users\sanle\AppData\Roami
ng\ ...
+ ~~~~~~~~~~~~~~~~~~~~~~~~~~~~~~~~~~~~~~~~~~~~~~~~~~~~~~~~~~~~~~~~~~
~~~
    + CategoryInfo          : NotSpecified: (npm warn Unknow...versi
on of n    pm.:String) [], RemoteException
    + FullyQualifiedErrorId : NativeCommandError
 
npm warn Unknown project config "store-dir". This will stop working 
in the next major version of npm.

> sr-management@0.1.0 type-check
> tsc --noEmit

src/services/sr.service.ts(295,7): error TS1005: ',' expected.
src/services/sr.service.ts(334,5): error TS1131: Property or signature expected.
src/services/sr.service.ts(358,3): error TS1128: Declaration or statement expected.
src/services/sr.service.ts(360,3): error TS1434: Unexpected keyword or identifier.
src/services/sr.service.ts(361,5): error TS1005: ',' expected.
src/services/sr.service.ts(362,7): error TS1005: ',' expected.
src/services/sr.service.ts(363,14): error TS1005: ',' expected.
src/services/sr.service.ts(364,2): error TS1005: ';' expected.
src/services/sr.service.ts(365,24): error TS1005: ',' expected.
src/services/sr.service.ts(365,38): error TS1005: ',' expected.
src/services/sr.service.ts(365,54): error TS1005: ',' expected.
src/services/sr.service.ts(366,27): error TS1005: ',' expected.
src/services/sr.service.ts(366,41): error TS1005: ',' expected.
src/services/sr.service.ts(366,58): error TS1005: ',' expected.
src/services/sr.service.ts(367,26): error TS1005: ',' expected.
src/services/sr.service.ts(367,40): error TS1005: ',' expected.
src/services/sr.service.ts(367,64): error TS1005: ',' expected.
src/services/sr.service.ts(368,33): error TS1005: ',' expected.
src/services/sr.service.ts(368,57): error TS1005: ',' expected.
src/services/sr.service.ts(371,9): error TS1005: ':' expected.
src/services/sr.service.ts(371,19): error TS1005: ',' expected.
src/services/sr.service.ts(371,27): error TS1005: ',' expected.
src/services/sr.service.ts(371,55): error TS1005: ',' expected.
src/services/sr.service.ts(373,7): error TS1005: ':' expected.
src/services/sr.service.ts(374,11): error TS1005: ':' expected.
src/services/sr.service.ts(374,49): error TS1005: ',' expected.
src/services/sr.service.ts(375,11): error TS1005: ':' expected.
src/services/sr.service.ts(375,60): error TS1005: ',' expected.
src/services/sr.service.ts(376,8): error TS1003: Identifier expected.
src/services/sr.service.ts(381,7): error TS1005: ',' expected.
src/services/sr.service.ts(381,11): error TS1005: ':' expected.
src/services/sr.service.ts(381,61): error TS1005: ',' expected.
src/services/sr.service.ts(384,17): error TS1005: ',' expected.
src/services/sr.service.ts(384,37): error TS1005: ',' expected.
src/services/sr.service.ts(384,39): error TS1136: Property assignment expected.
src/services/sr.service.ts(507,5): error TS1128: Declaration or statement expected.
src/services/sr.service.ts(507,7): error TS1005: 'try' expected.
src/services/sr.service.ts(515,3): error TS1128: Declaration or statement expected.
src/services/sr.service.ts(517,3): error TS1434: Unexpected keyword or identifier.
src/services/sr.service.ts(517,21): error TS1005: ',' expected.
src/services/sr.service.ts(517,30): error TS1005: ';' expected.
src/services/sr.service.ts(518,10): error TS1005: ':' expected.
src/services/sr.service.ts(518,40): error TS1005: ',' expected.
src/services/sr.service.ts(521,3): error TS1434: Unexpected keyword or identifier.
src/services/sr.service.ts(521,28): error TS1005: ',' expected.
src/services/sr.service.ts(521,37): error TS1005: ';' expected.
src/services/sr.service.ts(522,23): error TS1005: ',' expected.
src/services/sr.service.ts(522,37): error TS1005: ',' expected.
src/services/sr.service.ts(522,53): error TS1005: ',' expected.
src/services/sr.service.ts(523,26): error TS1005: ',' expected.
src/services/sr.service.ts(523,40): error TS1005: ',' expected.
src/services/sr.service.ts(523,57): error TS1005: ',' expected.
src/services/sr.service.ts(524,25): error TS1005: ',' expected.
src/services/sr.service.ts(524,39): error TS1005: ',' expected.
src/services/sr.service.ts(524,63): error TS1005: ',' expected.
src/services/sr.service.ts(525,25): error TS1005: ',' expected.
src/services/sr.service.ts(525,39): error TS1005: ',' expected.
src/services/sr.service.ts(525,54): error TS1005: ',' expected.
src/services/sr.service.ts(525,85): error TS1005: ',' expected.
src/services/sr.service.ts(526,32): error TS1005: ',' expected.
src/services/sr.service.ts(526,56): error TS1005: ',' expected.
src/services/sr.service.ts(533,5): error TS1005: ',' expected.
src/services/sr.service.ts(540,5): error TS1005: ',' expected.
src/services/sr.service.ts(548,5): error TS1005: ',' expected.
src/services/sr.service.ts(556,5): error TS1005: ',' expected.
src/services/sr.service.ts(557,29): error TS1005: ',' expected.
src/services/sr.service.ts(557,52): error TS1005: ',' expected.
src/services/sr.service.ts(559,10): error TS1005: ':' expected.
src/services/sr.service.ts(559,47): error TS1005: ',' expected.
src/services/sr.service.ts(562,3): error TS1434: Unexpected keyword or identifier.
src/services/sr.service.ts(562,27): error TS1109: Expression expected.
src/services/sr.service.ts(563,16): error TS1005: ',' expected.
src/services/sr.service.ts(564,16): error TS1005: ',' expected.
src/services/sr.service.ts(565,30): error TS1005: ',' expected.
src/services/sr.service.ts(566,46): error TS1005: ',' expected.
src/services/sr.service.ts(567,3): error TS1005: ';' expected.
src/services/sr.service.ts(568,23): error TS1005: ',' expected.
src/services/sr.service.ts(568,39): error TS1005: ',' expected.
src/services/sr.service.ts(569,26): error TS1005: ',' expected.
src/services/sr.service.ts(569,40): error TS1005: ',' expected.
src/services/sr.service.ts(569,57): error TS1005: ',' expected.
src/services/sr.service.ts(570,25): error TS1005: ',' expected.
src/services/sr.service.ts(570,39): error TS1005: ',' expected.
src/services/sr.service.ts(570,63): error TS1005: ',' expected.
src/services/sr.service.ts(572,15): error TS1005: ',' expected.
src/services/sr.service.ts(573,25): error TS1005: ',' expected.
src/services/sr.service.ts(574,21): error TS1005: ',' expected.
src/services/sr.service.ts(575,21): error TS1005: ',' expected.
src/services/sr.service.ts(576,29): error TS1005: ',' expected.
src/services/sr.service.ts(577,26): error TS1005: ',' expected.
src/services/sr.service.ts(577,49): error TS1005: ',' expected.
src/services/sr.service.ts(578,4): error TS1005: ',' expected.
src/services/sr.service.ts(579,29): error TS1005: ',' expected.
src/services/sr.service.ts(579,52): error TS1005: ',' expected.
src/services/sr.service.ts(580,4): error TS1011: An element access expression should take an argument.
src/services/sr.service.ts(581,10): error TS1005: ':' expected.
src/services/sr.service.ts(581,43): error TS1005: ',' expected.
src/services/sr.service.ts(584,3): error TS1434: Unexpected keyword or identifier.
src/services/sr.service.ts(584,26): error TS1109: Expression expected.
src/services/sr.service.ts(584,60): error TS1005: ';' expected.
src/services/sr.service.ts(585,10): error TS1005: ':' expected.
src/services/sr.service.ts(585,48): error TS1005: ',' expected.
src/services/sr.service.ts(588,3): error TS1434: Unexpected keyword or identifier.
src/services/sr.service.ts(588,20): error TS1005: ',' expected.
src/services/sr.service.ts(588,41): error TS1005: ',' expected.
src/services/sr.service.ts(588,61): error TS1005: ';' expected.
src/services/sr.service.ts(588,77): error TS1109: Expression expected.
src/services/sr.service.ts(589,9): error TS1005: ':' expected.
src/services/sr.service.ts(589,58): error TS1005: ',' expected.
src/services/sr.service.ts(590,6): error TS1003: Identifier expected.
src/services/sr.service.ts(595,5): error TS1005: ',' expected.
src/services/sr.service.ts(595,9): error TS1005: ':' expected.
src/services/sr.service.ts(595,47): error TS1005: ',' expected.
src/services/sr.service.ts(597,9): error TS1005: ',' expected.
src/services/sr.service.ts(597,13): error TS1005: ':' expected.
src/services/sr.service.ts(597,37): error TS1005: ',' expected.
src/services/sr.service.ts(598,9): error TS1005: ',' expected.
src/services/sr.service.ts(598,13): error TS1005: ':' expected.
src/services/sr.service.ts(603,5): error TS1005: ',' expected.
src/services/sr.service.ts(605,1): error TS1128: Declaration or statement expected.
